\BOOKMARK [0][-]{chapter.1}{\376\377\133\236\232\214\166\356\166\204}{}% 1
\BOOKMARK [0][-]{chapter.2}{\376\377\133\236\232\214\163\257\130\203}{}% 2
\BOOKMARK [1][-]{section.2.1}{\376\377\144\315\117\134\174\373\176\337}{chapter.2}% 3
\BOOKMARK [1][-]{section.2.2}{\376\377\217\157\116\366\162\110\147\054}{chapter.2}% 4
\BOOKMARK [0][-]{chapter.3}{\376\377\133\236\232\214\153\145\232\244}{}% 5
\BOOKMARK [1][-]{section.3.1}{\376\377\000P\000y\000t\000h\000o\000n\163\257\130\203\221\115\177\156}{chapter.3}% 6
\BOOKMARK [2][-]{subsection.3.1.1}{\376\377\133\211\210\305\000P\000y\000M\000y\000S\000Q\000L\136\223}{section.3.1}% 7
\BOOKMARK [2][-]{subsection.3.1.2}{\376\377\155\113\213\325\145\160\143\156\136\223\217\336\143\245}{section.3.1}% 8
\BOOKMARK [1][-]{section.3.2}{\376\377\000M\000y\000S\000Q\000L\165\050\142\067\173\241\164\006}{chapter.3}% 9
\BOOKMARK [2][-]{subsection.3.2.1}{\376\377\122\033\136\372\145\260\165\050\142\067}{section.3.2}% 10
\BOOKMARK [2][-]{subsection.3.2.2}{\376\377\147\103\226\120\232\214\213\301}{section.3.2}% 11
\BOOKMARK [1][-]{section.3.3}{\376\377\145\160\143\156\136\223\144\315\117\134}{chapter.3}% 12
\BOOKMARK [2][-]{subsection.3.3.1}{\376\377\122\033\136\372\145\160\143\156\136\223}{section.3.3}% 13
\BOOKMARK [2][-]{subsection.3.3.2}{\376\377\133\374\121\145\145\160\143\156\152\041\147\177}{section.3.3}% 14
\BOOKMARK [1][-]{section.3.4}{\376\377\131\015\147\102\147\345\213\342\144\315\117\134}{chapter.3}% 15
\BOOKMARK [2][-]{subsection.3.4.1}{\376\377\147\345\213\342\171\072\117\213\116\000}{section.3.4}% 16
\BOOKMARK [2][-]{subsection.3.4.2}{\376\377\147\345\213\342\171\072\117\213\116\214}{section.3.4}% 17
\BOOKMARK [0][-]{chapter.4}{\376\377\133\236\232\214\176\323\147\234}{}% 18
\BOOKMARK [1][-]{section.4.1}{\376\377\165\050\142\067\173\241\164\006\176\323\147\234}{chapter.4}% 19
\BOOKMARK [1][-]{section.4.2}{\376\377\145\160\143\156\144\315\117\134\176\323\147\234}{chapter.4}% 20
\BOOKMARK [0][-]{chapter.5}{\376\377\133\236\232\214\140\073\176\323}{}% 21
