\BOOKMARK [0][-]{chapter.1}{\376\377\133\236\232\214\166\356\166\204}{}% 1
\BOOKMARK [0][-]{chapter.2}{\376\377\133\236\232\214\163\257\130\203}{}% 2
\BOOKMARK [1][-]{section.2.1}{\376\377\144\315\117\134\174\373\176\337}{chapter.2}% 3
\BOOKMARK [1][-]{section.2.2}{\376\377\217\157\116\366\162\110\147\054}{chapter.2}% 4
\BOOKMARK [0][-]{chapter.3}{\376\377\133\236\232\214\153\145\232\244}{}% 5
\BOOKMARK [1][-]{section.3.1}{\376\377\000P\000y\000t\000h\000o\000n\163\257\130\203\221\115\177\156}{chapter.3}% 6
\BOOKMARK [1][-]{section.3.2}{\376\377\122\033\136\372\145\260\165\050\142\067\136\166\143\210\147\103\165\050\142\067\147\103\226\120}{chapter.3}% 7
\BOOKMARK [1][-]{section.3.3}{\376\377\122\033\136\372\145\260\145\160\143\156\136\223\136\166\133\374\121\145\152\041\147\177}{chapter.3}% 8
\BOOKMARK [1][-]{section.3.4}{\376\377\122\033\136\372\210\150}{chapter.3}% 9
\BOOKMARK [2][-]{subsection.3.4.1}{\376\377\173\200\123\125\147\345\213\342\130\360\146\016}{section.3.4}% 10
\BOOKMARK [1][-]{section.3.5}{\376\377\000Q\000U\000I\000Z}{chapter.3}% 11
\BOOKMARK [2][-]{subsection.3.5.1}{\376\377\145\271\154\325\116\000\377\032\146\156\220\032\000C\000R\000E\000A\000T\000E\000\040\000T\000A\000B\000L\000E\213\355\123\345}{section.3.5}% 12
\BOOKMARK [2][-]{subsection.3.5.2}{\376\377\145\271\154\325\116\214\377\032\220\032\217\307\000L\000I\000K\000E\131\015\122\066\210\150\176\323\147\204\136\166\117\356\145\071\377\010\121\110\122\033\136\372\116\000\116\052\174\173\117\074\166\204\173\200\123\125\210\150\121\215\117\356\145\071\377\011}{section.3.5}% 13
\BOOKMARK [0][-]{chapter.4}{\376\377\133\236\232\214\176\323\147\234}{}% 14
\BOOKMARK [1][-]{section.4.1}{\376\377\163\257\130\203\221\115\177\156\176\323\147\234}{chapter.4}% 15
\BOOKMARK [1][-]{section.4.2}{\376\377\165\050\142\067\173\241\164\006\176\323\147\234}{chapter.4}% 16
\BOOKMARK [1][-]{section.4.3}{\376\377\145\160\143\156\136\223\144\315\117\134\176\323\147\234}{chapter.4}% 17
\BOOKMARK [0][-]{chapter.5}{\376\377\133\236\232\214\140\073\176\323}{}% 18
\BOOKMARK [1][-]{section.5.1}{\376\377\145\066\203\267}{chapter.5}% 19
\BOOKMARK [1][-]{section.5.2}{\376\377\225\356\230\230\116\016\211\343\121\263}{chapter.5}% 20
\BOOKMARK [1][-]{section.5.3}{\376\377\134\125\147\033}{chapter.5}% 21
