\BOOKMARK [0][-]{chapter.1}{\376\377\133\236\232\214\166\356\166\204}{}% 1
\BOOKMARK [0][-]{chapter.2}{\376\377\133\236\232\214\163\257\130\203}{}% 2
\BOOKMARK [1][-]{section.2.1}{\376\377\144\315\117\134\174\373\176\337}{chapter.2}% 3
\BOOKMARK [1][-]{section.2.2}{\376\377\217\157\116\366\162\110\147\054}{chapter.2}% 4
\BOOKMARK [0][-]{chapter.3}{\376\377\133\236\232\214\153\145\232\244}{}% 5
\BOOKMARK [1][-]{section.3.1}{\376\377\000P\000y\000t\000h\000o\000n\145\160\143\156\136\223\217\336\143\245}{chapter.3}% 6
\BOOKMARK [2][-]{subsection.3.1.1}{\376\377\122\035\131\313\217\336\143\245\225\356\230\230}{section.3.1}% 7
\BOOKMARK [2][-]{subsection.3.1.2}{\376\377\153\143\170\156\217\336\143\245\221\115\177\156}{section.3.1}% 8
\BOOKMARK [1][-]{section.3.2}{\376\377\145\160\143\156\136\223\210\150\213\276\213\241\377\010\000D\000D\000L\377\011}{chapter.3}% 9
\BOOKMARK [2][-]{subsection.3.2.1}{\376\377\122\033\136\372\127\372\170\100\210\150}{section.3.2}% 10
\BOOKMARK [2][-]{subsection.3.2.2}{\376\377\155\373\122\240\131\026\225\056\176\246\147\137}{section.3.2}% 11
\BOOKMARK [2][-]{subsection.3.2.3}{\376\377\145\160\143\156\133\214\145\164\140\047\173\241\164\006}{section.3.2}% 12
\BOOKMARK [2][-]{subsection.3.2.4}{\376\377\122\040\226\144}{section.3.2}% 13
\BOOKMARK [1][-]{section.3.3}{\376\377\145\160\143\156\144\315\117\134\377\010\000D\000M\000L\377\011}{chapter.3}% 14
\BOOKMARK [2][-]{subsection.3.3.1}{\376\377\145\160\143\156\133\374\121\145}{section.3.3}% 15
\BOOKMARK [2][-]{subsection.3.3.2}{\376\377\145\160\143\156\150\300\175\042}{section.3.3}% 16
\BOOKMARK [2][-]{subsection.3.3.3}{\376\377\145\160\143\156\146\364\145\260}{section.3.3}% 17
\BOOKMARK [2][-]{subsection.3.3.4}{\376\377\145\160\143\156\122\040\226\144}{section.3.3}% 18
\BOOKMARK [0][-]{chapter.4}{\376\377\133\236\232\214\176\323\147\234}{}% 19
\BOOKMARK [1][-]{section.4.1}{\376\377\145\160\143\156\136\223\144\315\117\134\232\214\213\301}{chapter.4}% 20
\BOOKMARK [2][-]{subsection.4.1.1}{\376\377\210\150\176\323\147\204\232\214\213\301}{section.4.1}% 21
\BOOKMARK [2][-]{subsection.4.1.2}{\376\377\145\160\143\156\133\214\145\164\140\047\232\214\213\301}{section.4.1}% 22
\BOOKMARK [0][-]{chapter.5}{\376\377\133\236\232\214\140\073\176\323}{}% 23
\BOOKMARK [1][-]{section.5.1}{\376\377\142\200\147\057\145\066\203\267}{chapter.5}% 24
\BOOKMARK [1][-]{section.5.2}{\376\377\121\170\127\213\225\356\230\230\131\004\164\006}{chapter.5}% 25
\BOOKMARK [1][-]{section.5.3}{\376\377\133\236\232\214\124\057\171\072}{chapter.5}% 26
